Archive member included to satisfy reference by file (symbol)

c:/program files (x86)/atmel/studio/7.0/toolchain/avr8/avr8-gnu-toolchain/bin/../lib/gcc/avr/5.4.0/avr51\libgcc.a(_udivmodsi4.o)
                              HAL/sensors.o (__udivmodsi4)
c:/program files (x86)/atmel/studio/7.0/toolchain/avr8/avr8-gnu-toolchain/bin/../lib/gcc/avr/5.4.0/avr51\libgcc.a(_exit.o)
                              C:/Program Files (x86)/Atmel/Studio/7.0/Packs/atmel/ATmega_DFP/1.2.209/gcc/dev/atmega128a/avr51/crtatmega128a.o (exit)
c:/program files (x86)/atmel/studio/7.0/toolchain/avr8/avr8-gnu-toolchain/bin/../lib/gcc/avr/5.4.0/avr51\libgcc.a(_tablejump2.o)
                              MCAL/DIO.o (__tablejump2__)
c:/program files (x86)/atmel/studio/7.0/toolchain/avr8/avr8-gnu-toolchain/bin/../lib/gcc/avr/5.4.0/avr51\libgcc.a(_copy_data.o)
                              MCAL/DIO_cfg.o (__do_copy_data)
c:/program files (x86)/atmel/studio/7.0/toolchain/avr8/avr8-gnu-toolchain/bin/../lib/gcc/avr/5.4.0/avr51\libgcc.a(_clear_bss.o)
                              MCAL/ADC.o (__do_clear_bss)
c:/program files (x86)/atmel/studio/7.0/toolchain/avr8/avr8-gnu-toolchain/bin/../lib/gcc/avr/5.4.0/avr51\libgcc.a(_umulhisi3.o)
                              HAL/sensors.o (__umulhisi3)

Discarded input sections

 .data          0x00000000        0x0 C:/Program Files (x86)/Atmel/Studio/7.0/Packs/atmel/ATmega_DFP/1.2.209/gcc/dev/atmega128a/avr51/crtatmega128a.o
 .bss           0x00000000        0x0 C:/Program Files (x86)/Atmel/Studio/7.0/Packs/atmel/ATmega_DFP/1.2.209/gcc/dev/atmega128a/avr51/crtatmega128a.o
 .text          0x00000000        0x0 main/main.o
 .data          0x00000000        0x0 main/main.o
 .bss           0x00000000        0x0 main/main.o
 .text          0x00000000        0x0 MCAL/ADC.o
 .data          0x00000000        0x0 MCAL/ADC.o
 .bss           0x00000000        0x0 MCAL/ADC.o
 .text.ADC_Read
                0x00000000       0x18 MCAL/ADC.o
 .text.ADC_Start_conversion
                0x00000000       0x1e MCAL/ADC.o
 .text.ADC_Get_Read
                0x00000000        0xe MCAL/ADC.o
 .text.ADC_Read_No_block
                0x00000000       0x1a MCAL/ADC.o
 .bss.READ_Flag
                0x00000000        0x1 MCAL/ADC.o
 .text          0x00000000        0x0 MCAL/DIO.o
 .data          0x00000000        0x0 MCAL/DIO.o
 .bss           0x00000000        0x0 MCAL/DIO.o
 .text.DIO_Writepin
                0x00000000      0x1ca MCAL/DIO.o
 .progmem.gcc_sw_table.DIO_Writepin
                0x00000000       0x1c MCAL/DIO.o
 .text.DIO_Readpin
                0x00000000       0xc2 MCAL/DIO.o
 .progmem.gcc_sw_table.DIO_Readpin
                0x00000000        0xe MCAL/DIO.o
 .text.DIO_Togglepin
                0x00000000       0xc4 MCAL/DIO.o
 .progmem.gcc_sw_table.DIO_Togglepin
                0x00000000        0xe MCAL/DIO.o
 .text.DIO_Writeport
                0x00000000       0x32 MCAL/DIO.o
 .progmem.gcc_sw_table.DIO_Writeport
                0x00000000        0xe MCAL/DIO.o
 .text.DIO_Readport
                0x00000000       0x50 MCAL/DIO.o
 .progmem.gcc_sw_table.DIO_Readport
                0x00000000        0xe MCAL/DIO.o
 .bss.value.1944
                0x00000000        0x1 MCAL/DIO.o
 .bss.volt.1907
                0x00000000        0x1 MCAL/DIO.o
 .text          0x00000000        0x0 MCAL/DIO_cfg.o
 .data          0x00000000        0x0 MCAL/DIO_cfg.o
 .bss           0x00000000        0x0 MCAL/DIO_cfg.o
 .text          0x00000000        0x0 HAL/sensors.o
 .data          0x00000000        0x0 HAL/sensors.o
 .bss           0x00000000        0x0 HAL/sensors.o
 .text.POT_Volt_Read
                0x00000000       0x28 HAL/sensors.o
 .text.POT_Volt_Read_precentage
                0x00000000       0x20 HAL/sensors.o
 .text.Temp_Read
                0x00000000       0x28 HAL/sensors.o
 .text.Pressure_Read
                0x00000000       0x4a HAL/sensors.o
 .debug_info    0x00000000      0x22c HAL/sensors.o
 .debug_abbrev  0x00000000       0xa9 HAL/sensors.o
 .debug_loc     0x00000000      0x1ac HAL/sensors.o
 .debug_aranges
                0x00000000       0x38 HAL/sensors.o
 .debug_ranges  0x00000000       0x28 HAL/sensors.o
 .debug_line    0x00000000       0xdc HAL/sensors.o
 .debug_str     0x00000000      0x218 HAL/sensors.o
 .comment       0x00000000       0x31 HAL/sensors.o
 .debug_frame   0x00000000       0x54 HAL/sensors.o
 .text          0x00000000        0x0 MCAL/I2C.o
 .data          0x00000000        0x0 MCAL/I2C.o
 .bss           0x00000000        0x0 MCAL/I2C.o
 .text.I2C_Master_Init
                0x00000000        0xc MCAL/I2C.o
 .text.I2C_Start
                0x00000000       0x4c MCAL/I2C.o
 .text.I2C_Repeated_Start
                0x00000000       0x4c MCAL/I2C.o
 .text.I2C_Stop
                0x00000000       0x12 MCAL/I2C.o
 .text.I2C_Start_Wait
                0x00000000       0x78 MCAL/I2C.o
 .text.I2C_Write
                0x00000000       0x2e MCAL/I2C.o
 .text.I2C_Read_Ack
                0x00000000       0x16 MCAL/I2C.o
 .text.I2C_Read_Nack
                0x00000000       0x16 MCAL/I2C.o
 .text.I2C_Reply
                0x00000000       0x14 MCAL/I2C.o
 .text.I2C_Slave_Init
                0x00000000        0xc MCAL/I2C.o
 .text.I2C_Slave_Listen
                0x00000000       0x36 MCAL/I2C.o
 .text.I2C_Slave_Transmit
                0x00000000       0x52 MCAL/I2C.o
 .text.I2C_Slave_Receive
                0x00000000       0x44 MCAL/I2C.o
 .debug_info    0x00000000      0x2d3 MCAL/I2C.o
 .debug_abbrev  0x00000000      0x139 MCAL/I2C.o
 .debug_loc     0x00000000      0x38a MCAL/I2C.o
 .debug_aranges
                0x00000000       0x80 MCAL/I2C.o
 .debug_ranges  0x00000000       0x70 MCAL/I2C.o
 .debug_line    0x00000000      0x44f MCAL/I2C.o
 .debug_str     0x00000000      0x280 MCAL/I2C.o
 .comment       0x00000000       0x31 MCAL/I2C.o
 .debug_frame   0x00000000      0x114 MCAL/I2C.o
 .text          0x00000000        0x0 MCAL/USART0.o
 .data          0x00000000        0x0 MCAL/USART0.o
 .bss           0x00000000        0x0 MCAL/USART0.o
 .text.USART0_Init
                0x00000000       0x12 MCAL/USART0.o
 .text.USART0_Send
                0x00000000       0x10 MCAL/USART0.o
 .text.USART0_Receive
                0x00000000        0x8 MCAL/USART0.o
 .text.USART0_ReceivePerodic
                0x00000000       0x12 MCAL/USART0.o
 .text.USART0_SendNoBlock
                0x00000000        0x4 MCAL/USART0.o
 .text.USART0_ReceiveNoBlock
                0x00000000        0x4 MCAL/USART0.o
 .text.USART0_RX_InterruptEnable
                0x00000000        0x4 MCAL/USART0.o
 .text.USART0_RX_InterruptDisable
                0x00000000        0x4 MCAL/USART0.o
 .text.USART0_TX_InterruptEnable
                0x00000000        0x4 MCAL/USART0.o
 .text.USART0_TX_InterruptDisable
                0x00000000        0x4 MCAL/USART0.o
 .text.USART0_RX_SetCallBack
                0x00000000        0xa MCAL/USART0.o
 .text.USART0_TX_SetCallBack
                0x00000000        0xa MCAL/USART0.o
 .bss.init_flag0
                0x00000000        0x1 MCAL/USART0.o
 .text          0x00000000        0x0 MCAL/USART1.o
 .data          0x00000000        0x0 MCAL/USART1.o
 .bss           0x00000000        0x0 MCAL/USART1.o
 .text.USART1_Init
                0x00000000       0x28 MCAL/USART1.o
 .text.USART1_Send
                0x00000000       0x18 MCAL/USART1.o
 .text.USART1_Receive
                0x00000000       0x10 MCAL/USART1.o
 .text.USART1_ReceivePerodic
                0x00000000       0x18 MCAL/USART1.o
 .text.USART1_SendNoBlock
                0x00000000        0x6 MCAL/USART1.o
 .text.USART1_ReceiveNoBlock
                0x00000000        0x6 MCAL/USART1.o
 .text.USART1_RX_InterruptEnable
                0x00000000        0xc MCAL/USART1.o
 .text.USART1_RX_InterruptDisable
                0x00000000        0xc MCAL/USART1.o
 .text.USART1_TX_InterruptEnable
                0x00000000        0xc MCAL/USART1.o
 .text.USART1_TX_InterruptDisable
                0x00000000        0xc MCAL/USART1.o
 .text.USART1_RX_SetCallBack
                0x00000000        0xa MCAL/USART1.o
 .text.USART1_TX_SetCallBack
                0x00000000        0xa MCAL/USART1.o
 .bss.init_flag1
                0x00000000        0x1 MCAL/USART1.o
 .text          0x00000000        0x0 Services/USART_Services.o
 .data          0x00000000        0x0 Services/USART_Services.o
 .bss           0x00000000        0x0 Services/USART_Services.o
 .text.FUNC_TX0
                0x00000000       0x42 Services/USART_Services.o
 .text.FUNC_RX0
                0x00000000       0x2a Services/USART_Services.o
 .text.FUNC_TX1
                0x00000000       0x42 Services/USART_Services.o
 .text.FUNC_RX1
                0x00000000       0x2a Services/USART_Services.o
 .text.USART0_SendString
                0x00000000       0x2c Services/USART_Services.o
 .text.USART1_SendString
                0x00000000       0x2c Services/USART_Services.o
 .text.USART0_ReceiveString
                0x00000000       0x42 Services/USART_Services.o
 .text.USART1_ReceiveString
                0x00000000       0x42 Services/USART_Services.o
 .text.USART0_SendNumber
                0x00000000       0x2c Services/USART_Services.o
 .text.USART1_SendNumber
                0x00000000       0x2c Services/USART_Services.o
 .text.USART0_SendNumber2
                0x00000000       0x3a Services/USART_Services.o
 .text.USART1_SendNumber2
                0x00000000       0x3a Services/USART_Services.o
 .text.USART0_ReceiveNumber
                0x00000000       0x44 Services/USART_Services.o
 .text.USART1_ReceiveNumber
                0x00000000       0x44 Services/USART_Services.o
 .text.USART0_ReceiveNumber2
                0x00000000       0x3a Services/USART_Services.o
 .text.USART1_ReceiveNumber2
                0x00000000       0x3a Services/USART_Services.o
 .text.USART0_SendStringCheckSum
                0x00000000       0x94 Services/USART_Services.o
 .text.USART1_SendStringCheckSum
                0x00000000       0x94 Services/USART_Services.o
 .text.USART0_ReceiveStringCheckSum
                0x00000000       0x82 Services/USART_Services.o
 .text.USART1_ReceiveStringCheckSum
                0x00000000       0x82 Services/USART_Services.o
 .text.USART0_SendStringAsynch
                0x00000000       0x2a Services/USART_Services.o
 .text.USART0_ReceiveStringAsynch
                0x00000000       0x20 Services/USART_Services.o
 .text.USART0_BCM_Runnabe
                0x00000000       0x2c Services/USART_Services.o
 .text.USART1_SendStringAsynch
                0x00000000       0x2a Services/USART_Services.o
 .text.USART1_ReceiveStringAsynch
                0x00000000       0x20 Services/USART_Services.o
 .text.USART1_BCM_Runnabe
                0x00000000       0x2c Services/USART_Services.o
 .text.Endian_test
                0x00000000        0x4 Services/USART_Services.o
 .text.Endian_convert_16
                0x00000000        0x8 Services/USART_Services.o
 .text.Endian_convert_32
                0x00000000       0x38 Services/USART_Services.o
 .text.Endian_convert2_32
                0x00000000       0x62 Services/USART_Services.o
 .bss.i.1855    0x00000000        0x1 Services/USART_Services.o
 .bss.i.1850    0x00000000        0x1 Services/USART_Services.o
 .data.i.1842   0x00000000        0x1 Services/USART_Services.o
 .bss.k.1843    0x00000000        0x1 Services/USART_Services.o
 .bss.i.1828    0x00000000        0x1 Services/USART_Services.o
 .bss.i.1823    0x00000000        0x1 Services/USART_Services.o
 .data.i.1815   0x00000000        0x1 Services/USART_Services.o
 .bss.k.1816    0x00000000        0x1 Services/USART_Services.o
 .bss.flag1     0x00000000        0x1 Services/USART_Services.o
 .bss.Rx1_str   0x00000000        0x2 Services/USART_Services.o
 .bss.j1        0x00000000        0x1 Services/USART_Services.o
 .bss.Tx1_str   0x00000000       0x28 Services/USART_Services.o
 .bss.flag      0x00000000        0x1 Services/USART_Services.o
 .bss.Rx0_str   0x00000000        0x2 Services/USART_Services.o
 .bss.j0        0x00000000        0x1 Services/USART_Services.o
 .bss.Tx0_str   0x00000000       0x28 Services/USART_Services.o
 .debug_info    0x00000000      0xd16 Services/USART_Services.o
 .debug_abbrev  0x00000000      0x233 Services/USART_Services.o
 .debug_loc     0x00000000     0x1411 Services/USART_Services.o
 .debug_aranges
                0x00000000      0x108 Services/USART_Services.o
 .debug_ranges  0x00000000       0xf8 Services/USART_Services.o
 .debug_line    0x00000000      0x69d Services/USART_Services.o
 .debug_str     0x00000000      0x575 Services/USART_Services.o
 .comment       0x00000000       0x31 Services/USART_Services.o
 .debug_frame   0x00000000      0x3e4 Services/USART_Services.o
 .text          0x00000000        0x0 c:/program files (x86)/atmel/studio/7.0/toolchain/avr8/avr8-gnu-toolchain/bin/../lib/gcc/avr/5.4.0/avr51\libgcc.a(_udivmodsi4.o)
 .data          0x00000000        0x0 c:/program files (x86)/atmel/studio/7.0/toolchain/avr8/avr8-gnu-toolchain/bin/../lib/gcc/avr/5.4.0/avr51\libgcc.a(_udivmodsi4.o)
 .bss           0x00000000        0x0 c:/program files (x86)/atmel/studio/7.0/toolchain/avr8/avr8-gnu-toolchain/bin/../lib/gcc/avr/5.4.0/avr51\libgcc.a(_udivmodsi4.o)
 .text.libgcc.mul
                0x00000000        0x0 c:/program files (x86)/atmel/studio/7.0/toolchain/avr8/avr8-gnu-toolchain/bin/../lib/gcc/avr/5.4.0/avr51\libgcc.a(_udivmodsi4.o)
 .text.libgcc.div
                0x00000000       0x44 c:/program files (x86)/atmel/studio/7.0/toolchain/avr8/avr8-gnu-toolchain/bin/../lib/gcc/avr/5.4.0/avr51\libgcc.a(_udivmodsi4.o)
 .text.libgcc   0x00000000        0x0 c:/program files (x86)/atmel/studio/7.0/toolchain/avr8/avr8-gnu-toolchain/bin/../lib/gcc/avr/5.4.0/avr51\libgcc.a(_udivmodsi4.o)
 .text.libgcc.prologue
                0x00000000        0x0 c:/program files (x86)/atmel/studio/7.0/toolchain/avr8/avr8-gnu-toolchain/bin/../lib/gcc/avr/5.4.0/avr51\libgcc.a(_udivmodsi4.o)
 .text.libgcc.builtins
                0x00000000        0x0 c:/program files (x86)/atmel/studio/7.0/toolchain/avr8/avr8-gnu-toolchain/bin/../lib/gcc/avr/5.4.0/avr51\libgcc.a(_udivmodsi4.o)
 .text.libgcc.fmul
                0x00000000        0x0 c:/program files (x86)/atmel/studio/7.0/toolchain/avr8/avr8-gnu-toolchain/bin/../lib/gcc/avr/5.4.0/avr51\libgcc.a(_udivmodsi4.o)
 .text.libgcc.fixed
                0x00000000        0x0 c:/program files (x86)/atmel/studio/7.0/toolchain/avr8/avr8-gnu-toolchain/bin/../lib/gcc/avr/5.4.0/avr51\libgcc.a(_udivmodsi4.o)
 .text          0x00000000        0x0 c:/program files (x86)/atmel/studio/7.0/toolchain/avr8/avr8-gnu-toolchain/bin/../lib/gcc/avr/5.4.0/avr51\libgcc.a(_exit.o)
 .data          0x00000000        0x0 c:/program files (x86)/atmel/studio/7.0/toolchain/avr8/avr8-gnu-toolchain/bin/../lib/gcc/avr/5.4.0/avr51\libgcc.a(_exit.o)
 .bss           0x00000000        0x0 c:/program files (x86)/atmel/studio/7.0/toolchain/avr8/avr8-gnu-toolchain/bin/../lib/gcc/avr/5.4.0/avr51\libgcc.a(_exit.o)
 .text.libgcc.mul
                0x00000000        0x0 c:/program files (x86)/atmel/studio/7.0/toolchain/avr8/avr8-gnu-toolchain/bin/../lib/gcc/avr/5.4.0/avr51\libgcc.a(_exit.o)
 .text.libgcc.div
                0x00000000        0x0 c:/program files (x86)/atmel/studio/7.0/toolchain/avr8/avr8-gnu-toolchain/bin/../lib/gcc/avr/5.4.0/avr51\libgcc.a(_exit.o)
 .text.libgcc   0x00000000        0x0 c:/program files (x86)/atmel/studio/7.0/toolchain/avr8/avr8-gnu-toolchain/bin/../lib/gcc/avr/5.4.0/avr51\libgcc.a(_exit.o)
 .text.libgcc.prologue
                0x00000000        0x0 c:/program files (x86)/atmel/studio/7.0/toolchain/avr8/avr8-gnu-toolchain/bin/../lib/gcc/avr/5.4.0/avr51\libgcc.a(_exit.o)
 .text.libgcc.builtins
                0x00000000        0x0 c:/program files (x86)/atmel/studio/7.0/toolchain/avr8/avr8-gnu-toolchain/bin/../lib/gcc/avr/5.4.0/avr51\libgcc.a(_exit.o)
 .text.libgcc.fmul
                0x00000000        0x0 c:/program files (x86)/atmel/studio/7.0/toolchain/avr8/avr8-gnu-toolchain/bin/../lib/gcc/avr/5.4.0/avr51\libgcc.a(_exit.o)
 .text.libgcc.fixed
                0x00000000        0x0 c:/program files (x86)/atmel/studio/7.0/toolchain/avr8/avr8-gnu-toolchain/bin/../lib/gcc/avr/5.4.0/avr51\libgcc.a(_exit.o)
 .text          0x00000000        0x0 c:/program files (x86)/atmel/studio/7.0/toolchain/avr8/avr8-gnu-toolchain/bin/../lib/gcc/avr/5.4.0/avr51\libgcc.a(_tablejump2.o)
 .data          0x00000000        0x0 c:/program files (x86)/atmel/studio/7.0/toolchain/avr8/avr8-gnu-toolchain/bin/../lib/gcc/avr/5.4.0/avr51\libgcc.a(_tablejump2.o)
 .bss           0x00000000        0x0 c:/program files (x86)/atmel/studio/7.0/toolchain/avr8/avr8-gnu-toolchain/bin/../lib/gcc/avr/5.4.0/avr51\libgcc.a(_tablejump2.o)
 .text.libgcc.mul
                0x00000000        0x0 c:/program files (x86)/atmel/studio/7.0/toolchain/avr8/avr8-gnu-toolchain/bin/../lib/gcc/avr/5.4.0/avr51\libgcc.a(_tablejump2.o)
 .text.libgcc.div
                0x00000000        0x0 c:/program files (x86)/atmel/studio/7.0/toolchain/avr8/avr8-gnu-toolchain/bin/../lib/gcc/avr/5.4.0/avr51\libgcc.a(_tablejump2.o)
 .text.libgcc.prologue
                0x00000000        0x0 c:/program files (x86)/atmel/studio/7.0/toolchain/avr8/avr8-gnu-toolchain/bin/../lib/gcc/avr/5.4.0/avr51\libgcc.a(_tablejump2.o)
 .text.libgcc.builtins
                0x00000000        0x0 c:/program files (x86)/atmel/studio/7.0/toolchain/avr8/avr8-gnu-toolchain/bin/../lib/gcc/avr/5.4.0/avr51\libgcc.a(_tablejump2.o)
 .text.libgcc.fmul
                0x00000000        0x0 c:/program files (x86)/atmel/studio/7.0/toolchain/avr8/avr8-gnu-toolchain/bin/../lib/gcc/avr/5.4.0/avr51\libgcc.a(_tablejump2.o)
 .text.libgcc.fixed
                0x00000000        0x0 c:/program files (x86)/atmel/studio/7.0/toolchain/avr8/avr8-gnu-toolchain/bin/../lib/gcc/avr/5.4.0/avr51\libgcc.a(_tablejump2.o)
 .text          0x00000000        0x0 c:/program files (x86)/atmel/studio/7.0/toolchain/avr8/avr8-gnu-toolchain/bin/../lib/gcc/avr/5.4.0/avr51\libgcc.a(_copy_data.o)
 .data          0x00000000        0x0 c:/program files (x86)/atmel/studio/7.0/toolchain/avr8/avr8-gnu-toolchain/bin/../lib/gcc/avr/5.4.0/avr51\libgcc.a(_copy_data.o)
 .bss           0x00000000        0x0 c:/program files (x86)/atmel/studio/7.0/toolchain/avr8/avr8-gnu-toolchain/bin/../lib/gcc/avr/5.4.0/avr51\libgcc.a(_copy_data.o)
 .text.libgcc.mul
                0x00000000        0x0 c:/program files (x86)/atmel/studio/7.0/toolchain/avr8/avr8-gnu-toolchain/bin/../lib/gcc/avr/5.4.0/avr51\libgcc.a(_copy_data.o)
 .text.libgcc.div
                0x00000000        0x0 c:/program files (x86)/atmel/studio/7.0/toolchain/avr8/avr8-gnu-toolchain/bin/../lib/gcc/avr/5.4.0/avr51\libgcc.a(_copy_data.o)
 .text.libgcc   0x00000000        0x0 c:/program files (x86)/atmel/studio/7.0/toolchain/avr8/avr8-gnu-toolchain/bin/../lib/gcc/avr/5.4.0/avr51\libgcc.a(_copy_data.o)
 .text.libgcc.prologue
                0x00000000        0x0 c:/program files (x86)/atmel/studio/7.0/toolchain/avr8/avr8-gnu-toolchain/bin/../lib/gcc/avr/5.4.0/avr51\libgcc.a(_copy_data.o)
 .text.libgcc.builtins
                0x00000000        0x0 c:/program files (x86)/atmel/studio/7.0/toolchain/avr8/avr8-gnu-toolchain/bin/../lib/gcc/avr/5.4.0/avr51\libgcc.a(_copy_data.o)
 .text.libgcc.fmul
                0x00000000        0x0 c:/program files (x86)/atmel/studio/7.0/toolchain/avr8/avr8-gnu-toolchain/bin/../lib/gcc/avr/5.4.0/avr51\libgcc.a(_copy_data.o)
 .text.libgcc.fixed
                0x00000000        0x0 c:/program files (x86)/atmel/studio/7.0/toolchain/avr8/avr8-gnu-toolchain/bin/../lib/gcc/avr/5.4.0/avr51\libgcc.a(_copy_data.o)
 .text          0x00000000        0x0 c:/program files (x86)/atmel/studio/7.0/toolchain/avr8/avr8-gnu-toolchain/bin/../lib/gcc/avr/5.4.0/avr51\libgcc.a(_clear_bss.o)
 .data          0x00000000        0x0 c:/program files (x86)/atmel/studio/7.0/toolchain/avr8/avr8-gnu-toolchain/bin/../lib/gcc/avr/5.4.0/avr51\libgcc.a(_clear_bss.o)
 .bss           0x00000000        0x0 c:/program files (x86)/atmel/studio/7.0/toolchain/avr8/avr8-gnu-toolchain/bin/../lib/gcc/avr/5.4.0/avr51\libgcc.a(_clear_bss.o)
 .text.libgcc.mul
                0x00000000        0x0 c:/program files (x86)/atmel/studio/7.0/toolchain/avr8/avr8-gnu-toolchain/bin/../lib/gcc/avr/5.4.0/avr51\libgcc.a(_clear_bss.o)
 .text.libgcc.div
                0x00000000        0x0 c:/program files (x86)/atmel/studio/7.0/toolchain/avr8/avr8-gnu-toolchain/bin/../lib/gcc/avr/5.4.0/avr51\libgcc.a(_clear_bss.o)
 .text.libgcc   0x00000000        0x0 c:/program files (x86)/atmel/studio/7.0/toolchain/avr8/avr8-gnu-toolchain/bin/../lib/gcc/avr/5.4.0/avr51\libgcc.a(_clear_bss.o)
 .text.libgcc.prologue
                0x00000000        0x0 c:/program files (x86)/atmel/studio/7.0/toolchain/avr8/avr8-gnu-toolchain/bin/../lib/gcc/avr/5.4.0/avr51\libgcc.a(_clear_bss.o)
 .text.libgcc.builtins
                0x00000000        0x0 c:/program files (x86)/atmel/studio/7.0/toolchain/avr8/avr8-gnu-toolchain/bin/../lib/gcc/avr/5.4.0/avr51\libgcc.a(_clear_bss.o)
 .text.libgcc.fmul
                0x00000000        0x0 c:/program files (x86)/atmel/studio/7.0/toolchain/avr8/avr8-gnu-toolchain/bin/../lib/gcc/avr/5.4.0/avr51\libgcc.a(_clear_bss.o)
 .text.libgcc.fixed
                0x00000000        0x0 c:/program files (x86)/atmel/studio/7.0/toolchain/avr8/avr8-gnu-toolchain/bin/../lib/gcc/avr/5.4.0/avr51\libgcc.a(_clear_bss.o)
 .text          0x00000000        0x0 c:/program files (x86)/atmel/studio/7.0/toolchain/avr8/avr8-gnu-toolchain/bin/../lib/gcc/avr/5.4.0/avr51\libgcc.a(_umulhisi3.o)
 .data          0x00000000        0x0 c:/program files (x86)/atmel/studio/7.0/toolchain/avr8/avr8-gnu-toolchain/bin/../lib/gcc/avr/5.4.0/avr51\libgcc.a(_umulhisi3.o)
 .bss           0x00000000        0x0 c:/program files (x86)/atmel/studio/7.0/toolchain/avr8/avr8-gnu-toolchain/bin/../lib/gcc/avr/5.4.0/avr51\libgcc.a(_umulhisi3.o)
 .text.libgcc.mul
                0x00000000       0x1e c:/program files (x86)/atmel/studio/7.0/toolchain/avr8/avr8-gnu-toolchain/bin/../lib/gcc/avr/5.4.0/avr51\libgcc.a(_umulhisi3.o)
 .text.libgcc.div
                0x00000000        0x0 c:/program files (x86)/atmel/studio/7.0/toolchain/avr8/avr8-gnu-toolchain/bin/../lib/gcc/avr/5.4.0/avr51\libgcc.a(_umulhisi3.o)
 .text.libgcc   0x00000000        0x0 c:/program files (x86)/atmel/studio/7.0/toolchain/avr8/avr8-gnu-toolchain/bin/../lib/gcc/avr/5.4.0/avr51\libgcc.a(_umulhisi3.o)
 .text.libgcc.prologue
                0x00000000        0x0 c:/program files (x86)/atmel/studio/7.0/toolchain/avr8/avr8-gnu-toolchain/bin/../lib/gcc/avr/5.4.0/avr51\libgcc.a(_umulhisi3.o)
 .text.libgcc.builtins
                0x00000000        0x0 c:/program files (x86)/atmel/studio/7.0/toolchain/avr8/avr8-gnu-toolchain/bin/../lib/gcc/avr/5.4.0/avr51\libgcc.a(_umulhisi3.o)
 .text.libgcc.fmul
                0x00000000        0x0 c:/program files (x86)/atmel/studio/7.0/toolchain/avr8/avr8-gnu-toolchain/bin/../lib/gcc/avr/5.4.0/avr51\libgcc.a(_umulhisi3.o)
 .text.libgcc.fixed
                0x00000000        0x0 c:/program files (x86)/atmel/studio/7.0/toolchain/avr8/avr8-gnu-toolchain/bin/../lib/gcc/avr/5.4.0/avr51\libgcc.a(_umulhisi3.o)

Memory Configuration

Name             Origin             Length             Attributes
text             0x00000000         0x00020000         xr
data             0x00800100         0x0000ff00         rw !x
eeprom           0x00810000         0x00010000         rw !x
fuse             0x00820000         0x00000003         rw !x
lock             0x00830000         0x00000400         rw !x
signature        0x00840000         0x00000400         rw !x
user_signatures  0x00850000         0x00000400         rw !x
*default*        0x00000000         0xffffffff

Linker script and memory map

Address of section .data set to 0x800100
LOAD C:/Program Files (x86)/Atmel/Studio/7.0/Packs/atmel/ATmega_DFP/1.2.209/gcc/dev/atmega128a/avr51/crtatmega128a.o
LOAD main/main.o
LOAD MCAL/ADC.o
LOAD MCAL/DIO.o
LOAD MCAL/DIO_cfg.o
LOAD HAL/sensors.o
LOAD MCAL/I2C.o
LOAD MCAL/USART0.o
LOAD MCAL/USART1.o
LOAD Services/USART_Services.o
START GROUP
LOAD c:/program files (x86)/atmel/studio/7.0/toolchain/avr8/avr8-gnu-toolchain/bin/../lib/gcc/avr/5.4.0/../../../../avr/lib/avr51\libm.a
END GROUP
START GROUP
LOAD c:/program files (x86)/atmel/studio/7.0/toolchain/avr8/avr8-gnu-toolchain/bin/../lib/gcc/avr/5.4.0/avr51\libgcc.a
LOAD c:/program files (x86)/atmel/studio/7.0/toolchain/avr8/avr8-gnu-toolchain/bin/../lib/gcc/avr/5.4.0/../../../../avr/lib/avr51\libm.a
LOAD c:/program files (x86)/atmel/studio/7.0/toolchain/avr8/avr8-gnu-toolchain/bin/../lib/gcc/avr/5.4.0/../../../../avr/lib/avr51\libc.a
LOAD C:/Program Files (x86)/Atmel/Studio/7.0/Packs/atmel/ATmega_DFP/1.2.209/gcc/dev/atmega128a/avr51\libatmega128a.a
END GROUP
                0x00000000                __TEXT_REGION_ORIGIN__ = DEFINED (__TEXT_REGION_ORIGIN__)?__TEXT_REGION_ORIGIN__:0x0
                0x00800100                __DATA_REGION_ORIGIN__ = DEFINED (__DATA_REGION_ORIGIN__)?__DATA_REGION_ORIGIN__:0x800100
                0x00020000                __TEXT_REGION_LENGTH__ = DEFINED (__TEXT_REGION_LENGTH__)?__TEXT_REGION_LENGTH__:0x20000
                0x0000ff00                __DATA_REGION_LENGTH__ = DEFINED (__DATA_REGION_LENGTH__)?__DATA_REGION_LENGTH__:0xff00
                0x00010000                __EEPROM_REGION_LENGTH__ = DEFINED (__EEPROM_REGION_LENGTH__)?__EEPROM_REGION_LENGTH__:0x10000
                [0x00000003]                __FUSE_REGION_LENGTH__ = DEFINED (__FUSE_REGION_LENGTH__)?__FUSE_REGION_LENGTH__:0x400
                0x00000400                __LOCK_REGION_LENGTH__ = DEFINED (__LOCK_REGION_LENGTH__)?__LOCK_REGION_LENGTH__:0x400
                0x00000400                __SIGNATURE_REGION_LENGTH__ = DEFINED (__SIGNATURE_REGION_LENGTH__)?__SIGNATURE_REGION_LENGTH__:0x400
                0x00000400                __USER_SIGNATURE_REGION_LENGTH__ = DEFINED (__USER_SIGNATURE_REGION_LENGTH__)?__USER_SIGNATURE_REGION_LENGTH__:0x400

.hash
 *(.hash)

.dynsym
 *(.dynsym)

.dynstr
 *(.dynstr)

.gnu.version
 *(.gnu.version)

.gnu.version_d
 *(.gnu.version_d)

.gnu.version_r
 *(.gnu.version_r)

.rel.init
 *(.rel.init)

.rela.init
 *(.rela.init)

.rel.text
 *(.rel.text)
 *(.rel.text.*)
 *(.rel.gnu.linkonce.t*)

.rela.text
 *(.rela.text)
 *(.rela.text.*)
 *(.rela.gnu.linkonce.t*)

.rel.fini
 *(.rel.fini)

.rela.fini
 *(.rela.fini)

.rel.rodata
 *(.rel.rodata)
 *(.rel.rodata.*)
 *(.rel.gnu.linkonce.r*)

.rela.rodata
 *(.rela.rodata)
 *(.rela.rodata.*)
 *(.rela.gnu.linkonce.r*)

.rel.data
 *(.rel.data)
 *(.rel.data.*)
 *(.rel.gnu.linkonce.d*)

.rela.data
 *(.rela.data)
 *(.rela.data.*)
 *(.rela.gnu.linkonce.d*)

.rel.ctors
 *(.rel.ctors)

.rela.ctors
 *(.rela.ctors)

.rel.dtors
 *(.rel.dtors)

.rela.dtors
 *(.rela.dtors)

.rel.got
 *(.rel.got)

.rela.got
 *(.rela.got)

.rel.bss
 *(.rel.bss)

.rela.bss
 *(.rela.bss)

.rel.plt
 *(.rel.plt)

.rela.plt
 *(.rela.plt)

.text           0x00000000      0x5f6
 *(.vectors)
 .vectors       0x00000000       0x8c C:/Program Files (x86)/Atmel/Studio/7.0/Packs/atmel/ATmega_DFP/1.2.209/gcc/dev/atmega128a/avr51/crtatmega128a.o
                0x00000000                __vector_default
                0x00000000                __vectors
 *(.vectors)
 *(.progmem.gcc*)
 .progmem.gcc_sw_table.DIO_Initpin
                0x0000008c       0x2a MCAL/DIO.o
                0x000000b6                . = ALIGN (0x2)
                0x000000b6                __trampolines_start = .
 *(.trampolines)
 .trampolines   0x000000b6        0x0 linker stubs
 *(.trampolines*)
                0x000000b6                __trampolines_end = .
 *libprintf_flt.a:*(.progmem.data)
 *libc.a:*(.progmem.data)
 *(.progmem*)
                0x000000b6                . = ALIGN (0x2)
 *(.jumptables)
 *(.jumptables*)
 *(.lowtext)
 *(.lowtext*)
                0x000000b6                __ctors_start = .
 *(.ctors)
                0x000000b6                __ctors_end = .
                0x000000b6                __dtors_start = .
 *(.dtors)
                0x000000b6                __dtors_end = .
 SORT(*)(.ctors)
 SORT(*)(.dtors)
 *(.init0)
 .init0         0x000000b6        0x0 C:/Program Files (x86)/Atmel/Studio/7.0/Packs/atmel/ATmega_DFP/1.2.209/gcc/dev/atmega128a/avr51/crtatmega128a.o
                0x000000b6                __init
 *(.init0)
 *(.init1)
 *(.init1)
 *(.init2)
 .init2         0x000000b6        0xc C:/Program Files (x86)/Atmel/Studio/7.0/Packs/atmel/ATmega_DFP/1.2.209/gcc/dev/atmega128a/avr51/crtatmega128a.o
 *(.init2)
 *(.init3)
 *(.init3)
 *(.init4)
 .init4         0x000000c2       0x1a c:/program files (x86)/atmel/studio/7.0/toolchain/avr8/avr8-gnu-toolchain/bin/../lib/gcc/avr/5.4.0/avr51\libgcc.a(_copy_data.o)
                0x000000c2                __do_copy_data
 .init4         0x000000dc       0x10 c:/program files (x86)/atmel/studio/7.0/toolchain/avr8/avr8-gnu-toolchain/bin/../lib/gcc/avr/5.4.0/avr51\libgcc.a(_clear_bss.o)
                0x000000dc                __do_clear_bss
 *(.init4)
 *(.init5)
 *(.init5)
 *(.init6)
 *(.init6)
 *(.init7)
 *(.init7)
 *(.init8)
 *(.init8)
 *(.init9)
 .init9         0x000000ec        0x4 C:/Program Files (x86)/Atmel/Studio/7.0/Packs/atmel/ATmega_DFP/1.2.209/gcc/dev/atmega128a/avr51/crtatmega128a.o
 *(.init9)
 *(.text)
 .text          0x000000f0        0x2 C:/Program Files (x86)/Atmel/Studio/7.0/Packs/atmel/ATmega_DFP/1.2.209/gcc/dev/atmega128a/avr51/crtatmega128a.o
                0x000000f0                __vector_22
                0x000000f0                __vector_28
                0x000000f0                __vector_1
                0x000000f0                __vector_34
                0x000000f0                __vector_24
                0x000000f0                __vector_12
                0x000000f0                __bad_interrupt
                0x000000f0                __vector_6
                0x000000f0                __vector_31
                0x000000f0                __vector_3
                0x000000f0                __vector_23
                0x000000f0                __vector_25
                0x000000f0                __vector_11
                0x000000f0                __vector_13
                0x000000f0                __vector_17
                0x000000f0                __vector_19
                0x000000f0                __vector_7
                0x000000f0                __vector_27
                0x000000f0                __vector_5
                0x000000f0                __vector_33
                0x000000f0                __vector_4
                0x000000f0                __vector_9
                0x000000f0                __vector_2
                0x000000f0                __vector_21
                0x000000f0                __vector_15
                0x000000f0                __vector_29
                0x000000f0                __vector_8
                0x000000f0                __vector_26
                0x000000f0                __vector_14
                0x000000f0                __vector_10
                0x000000f0                __vector_16
                0x000000f2                . = ALIGN (0x2)
 *(.text.*)
 .text.main     0x000000f2        0xa main/main.o
                0x000000f2                main
 .text.ADC_Init
                0x000000fc       0x2c MCAL/ADC.o
                0x000000fc                ADC_Init
 .text.DIO_Initpin
                0x00000128      0x32c MCAL/DIO.o
                0x00000128                DIO_Initpin
 .text.DIO_Init
                0x00000454       0x24 MCAL/DIO.o
                0x00000454                DIO_Init
 .text.__vector_18
                0x00000478       0x5a MCAL/USART0.o
                0x00000478                __vector_18
 .text.__vector_20
                0x000004d2       0x5a MCAL/USART0.o
                0x000004d2                __vector_20
 .text.__vector_30
                0x0000052c       0x5a MCAL/USART1.o
                0x0000052c                __vector_30
 .text.__vector_32
                0x00000586       0x5a MCAL/USART1.o
                0x00000586                __vector_32
 .text.libgcc   0x000005e0       0x12 c:/program files (x86)/atmel/studio/7.0/toolchain/avr8/avr8-gnu-toolchain/bin/../lib/gcc/avr/5.4.0/avr51\libgcc.a(_tablejump2.o)
                0x000005e0                __tablejump2__
                0x000005f2                . = ALIGN (0x2)
 *(.fini9)
 .fini9         0x000005f2        0x0 c:/program files (x86)/atmel/studio/7.0/toolchain/avr8/avr8-gnu-toolchain/bin/../lib/gcc/avr/5.4.0/avr51\libgcc.a(_exit.o)
                0x000005f2                _exit
                0x000005f2                exit
 *(.fini9)
 *(.fini8)
 *(.fini8)
 *(.fini7)
 *(.fini7)
 *(.fini6)
 *(.fini6)
 *(.fini5)
 *(.fini5)
 *(.fini4)
 *(.fini4)
 *(.fini3)
 *(.fini3)
 *(.fini2)
 *(.fini2)
 *(.fini1)
 *(.fini1)
 *(.fini0)
 .fini0         0x000005f2        0x4 c:/program files (x86)/atmel/studio/7.0/toolchain/avr8/avr8-gnu-toolchain/bin/../lib/gcc/avr/5.4.0/avr51\libgcc.a(_exit.o)
 *(.fini0)
                0x000005f6                _etext = .

.data           0x00800100       0x36 load address 0x000005f6
                0x00800100                PROVIDE (__data_start, .)
 *(.data)
 *(.data*)
 *(.gnu.linkonce.d*)
 *(.rodata)
 *(.rodata*)
 .rodata.PinStatus
                0x00800100       0x35 MCAL/DIO_cfg.o
                0x00800100                PinStatus
 *(.gnu.linkonce.r*)
                0x00800136                . = ALIGN (0x2)
 *fill*         0x00800135        0x1 
                0x00800136                _edata = .
                0x00800136                PROVIDE (__data_end, .)

.bss            0x00800136        0x8
                0x00800136                PROVIDE (__bss_start, .)
 *(.bss)
 *(.bss*)
 .bss.UART0_TX_Fptr
                0x00800136        0x2 MCAL/USART0.o
 .bss.UART0_RX_Fptr
                0x00800138        0x2 MCAL/USART0.o
 .bss.UART1_TX_Fptr
                0x0080013a        0x2 MCAL/USART1.o
 .bss.UART1_RX_Fptr
                0x0080013c        0x2 MCAL/USART1.o
 *(COMMON)
                0x0080013e                PROVIDE (__bss_end, .)
                0x000005f6                __data_load_start = LOADADDR (.data)
                0x0000062c                __data_load_end = (__data_load_start + SIZEOF (.data))

.noinit         0x0080013e        0x0
                [!provide]                PROVIDE (__noinit_start, .)
 *(.noinit*)
                [!provide]                PROVIDE (__noinit_end, .)
                0x0080013e                _end = .
                [!provide]                PROVIDE (__heap_start, .)

.eeprom         0x00810000        0x0
 *(.eeprom*)
                0x00810000                __eeprom_end = .

.fuse
 *(.fuse)
 *(.lfuse)
 *(.hfuse)
 *(.efuse)

.lock
 *(.lock*)

.signature
 *(.signature*)

.user_signatures
 *(.user_signatures*)

.stab
 *(.stab)

.stabstr
 *(.stabstr)

.stab.excl
 *(.stab.excl)

.stab.exclstr
 *(.stab.exclstr)

.stab.index
 *(.stab.index)

.stab.indexstr
 *(.stab.indexstr)

.comment        0x00000000       0x30
 *(.comment)
 .comment       0x00000000       0x30 main/main.o
                                 0x31 (size before relaxing)
 .comment       0x00000030       0x31 MCAL/ADC.o
 .comment       0x00000030       0x31 MCAL/DIO.o
 .comment       0x00000030       0x31 MCAL/DIO_cfg.o
 .comment       0x00000030       0x31 MCAL/USART0.o
 .comment       0x00000030       0x31 MCAL/USART1.o

.note.gnu.avr.deviceinfo
                0x00000000       0x40
 .note.gnu.avr.deviceinfo
                0x00000000       0x40 C:/Program Files (x86)/Atmel/Studio/7.0/Packs/atmel/ATmega_DFP/1.2.209/gcc/dev/atmega128a/avr51/crtatmega128a.o

.note.gnu.build-id
 *(.note.gnu.build-id)

.debug
 *(.debug)

.line
 *(.line)

.debug_srcinfo
 *(.debug_srcinfo)

.debug_sfnames
 *(.debug_sfnames)

.debug_aranges  0x00000000      0x1d8
 *(.debug_aranges)
 .debug_aranges
                0x00000000       0x20 main/main.o
 .debug_aranges
                0x00000020       0x40 MCAL/ADC.o
 .debug_aranges
                0x00000060       0x50 MCAL/DIO.o
 .debug_aranges
                0x000000b0       0x18 MCAL/DIO_cfg.o
 .debug_aranges
                0x000000c8       0x88 MCAL/USART0.o
 .debug_aranges
                0x00000150       0x88 MCAL/USART1.o

.debug_pubnames
 *(.debug_pubnames)

.debug_info     0x00000000     0x169a
 *(.debug_info .gnu.linkonce.wi.*)
 .debug_info    0x00000000      0x780 C:/Program Files (x86)/Atmel/Studio/7.0/Packs/atmel/ATmega_DFP/1.2.209/gcc/dev/atmega128a/avr51/crtatmega128a.o
 .debug_info    0x00000780      0x15e main/main.o
 .debug_info    0x000008de      0x22e MCAL/ADC.o
 .debug_info    0x00000b0c      0x4a3 MCAL/DIO.o
 .debug_info    0x00000faf      0x219 MCAL/DIO_cfg.o
 .debug_info    0x000011c8      0x269 MCAL/USART0.o
 .debug_info    0x00001431      0x269 MCAL/USART1.o

.debug_abbrev   0x00000000      0xcaa
 *(.debug_abbrev)
 .debug_abbrev  0x00000000      0x718 C:/Program Files (x86)/Atmel/Studio/7.0/Packs/atmel/ATmega_DFP/1.2.209/gcc/dev/atmega128a/avr51/crtatmega128a.o
 .debug_abbrev  0x00000718       0xb1 main/main.o
 .debug_abbrev  0x000007c9       0xd9 MCAL/ADC.o
 .debug_abbrev  0x000008a2      0x1a6 MCAL/DIO.o
 .debug_abbrev  0x00000a48       0x6a MCAL/DIO_cfg.o
 .debug_abbrev  0x00000ab2       0xfc MCAL/USART0.o
 .debug_abbrev  0x00000bae       0xfc MCAL/USART1.o

.debug_line     0x00000000      0xbf9
 *(.debug_line .debug_line.* .debug_line_end)
 .debug_line    0x00000000      0x169 C:/Program Files (x86)/Atmel/Studio/7.0/Packs/atmel/ATmega_DFP/1.2.209/gcc/dev/atmega128a/avr51/crtatmega128a.o
 .debug_line    0x00000169       0x7b main/main.o
 .debug_line    0x000001e4      0x168 MCAL/ADC.o
 .debug_line    0x0000034c      0x484 MCAL/DIO.o
 .debug_line    0x000007d0       0x42 MCAL/DIO_cfg.o
 .debug_line    0x00000812      0x1ef MCAL/USART0.o
 .debug_line    0x00000a01      0x1f8 MCAL/USART1.o

.debug_frame    0x00000000      0x424
 *(.debug_frame)
 .debug_frame   0x00000000       0x24 main/main.o
 .debug_frame   0x00000024       0x64 MCAL/ADC.o
 .debug_frame   0x00000088       0x94 MCAL/DIO.o
 .debug_frame   0x0000011c      0x184 MCAL/USART0.o
 .debug_frame   0x000002a0      0x184 MCAL/USART1.o

.debug_str      0x00000000      0xa2c
 *(.debug_str)
 .debug_str     0x00000000      0x27d C:/Program Files (x86)/Atmel/Studio/7.0/Packs/atmel/ATmega_DFP/1.2.209/gcc/dev/atmega128a/avr51/crtatmega128a.o
 .debug_str     0x0000027d      0x208 main/main.o
                                0x241 (size before relaxing)
 .debug_str     0x00000485       0xbd MCAL/ADC.o
                                0x2b6 (size before relaxing)
 .debug_str     0x00000542      0x230 MCAL/DIO.o
                                0x3bd (size before relaxing)
 .debug_str     0x00000772       0x12 MCAL/DIO_cfg.o
                                0x30e (size before relaxing)
 .debug_str     0x00000784      0x15c MCAL/USART0.o
                                0x2d8 (size before relaxing)
 .debug_str     0x000008e0      0x14c MCAL/USART1.o
                                0x2d8 (size before relaxing)

.debug_loc      0x00000000     0x130c
 *(.debug_loc)
 .debug_loc     0x00000000       0xca MCAL/ADC.o
 .debug_loc     0x000000ca      0xe88 MCAL/DIO.o
 .debug_loc     0x00000f52      0x1dc MCAL/USART0.o
 .debug_loc     0x0000112e      0x1de MCAL/USART1.o

.debug_macinfo
 *(.debug_macinfo)

.debug_weaknames
 *(.debug_weaknames)

.debug_funcnames
 *(.debug_funcnames)

.debug_typenames
 *(.debug_typenames)

.debug_varnames
 *(.debug_varnames)

.debug_pubtypes
 *(.debug_pubtypes)

.debug_ranges   0x00000000      0x170
 *(.debug_ranges)
 .debug_ranges  0x00000000       0x10 main/main.o
 .debug_ranges  0x00000010       0x30 MCAL/ADC.o
 .debug_ranges  0x00000040       0x40 MCAL/DIO.o
 .debug_ranges  0x00000080       0x78 MCAL/USART0.o
 .debug_ranges  0x000000f8       0x78 MCAL/USART1.o

.debug_macro
 *(.debug_macro)
OUTPUT(atmega128a.elf elf32-avr)
LOAD linker stubs
